// Jest Snapshot v1, https://goo.gl/fbAQLP

exports[`PocketTo component renders the component 1`] = `
<DocumentFragment>
  <div
    originalcomponent="Pocket"
    test-prop-currencies="[\\"USD\\",\\"EUR\\",\\"GBP\\"]"
    test-prop-currency="\\"USD\\""
    test-prop-inputvaluelabel="\\"Receive amount\\""
    test-prop-selectcurrencylabel="\\"Receive currency\\""
    test-prop-valueprefix="\\"+\\""
  >
    <div
      originalcomponent="CurrentRate"
      test-prop-reverse="true"
    />
  </div>
</DocumentFragment>
`;
