// Jest Snapshot v1, https://goo.gl/fbAQLP

exports[`PocketFrom component renders the component 1`] = `
<DocumentFragment>
  <div
    data-originalcomponent="Pocket"
    test-prop-currencies="[\\"USD\\",\\"EUR\\",\\"GBP\\"]"
    test-prop-currency="\\"USD\\""
    test-prop-inputvaluelabel="\\"Write off amount\\""
    test-prop-selectcurrencylabel="\\"Write off currency\\""
    test-prop-valueprefix="\\"-\\""
  />
</DocumentFragment>
`;
